// Jest Snapshot v1, https://goo.gl/fbAQLP

exports[`PipelinePage container test should render AddNewPipeline section 1`] = `<DocumentFragment />`;

exports[`PipelinePage container test should render PipelinePageLayout section 1`] = `
<DocumentFragment>
  .c0.c0.c0 {
  display: -webkit-box;
  display: -webkit-flex;
  display: -ms-flexbox;
  display: flex;
  -webkit-box-pack: end;
  -webkit-justify-content: flex-end;
  -ms-flex-pack: end;
  justify-content: flex-end;
  margin-bottom: 2rem;
  -webkit-align-items: center;
  -webkit-box-align: center;
  -ms-flex-align: center;
  align-items: center;
}

.c1.c1.c1 {
  margin-left: 1rem;
}

<div
    class="c0"
  >
    <span
      aria-label="question-circle"
      class="anticon anticon-question-circle"
      role="img"
      style="font-size: 1rem; color: rgba(255, 255, 255, 0.835);"
    >
      <svg
        aria-hidden="true"
        data-icon="question-circle"
        fill="currentColor"
        focusable="false"
        height="1em"
        viewBox="64 64 896 896"
        width="1em"
      >
        <path
          d="M512 64C264.6 64 64 264.6 64 512s200.6 448 448 448 448-200.6 448-448S759.4 64 512 64zm0 708c-22.1 0-40-17.9-40-40s17.9-40 40-40 40 17.9 40 40-17.9 40-40 40zm62.9-219.5a48.3 48.3 0 00-30.9 44.8V620c0 4.4-3.6 8-8 8h-48c-4.4 0-8-3.6-8-8v-21.5c0-23.1 6.7-45.9 19.9-64.9 12.9-18.6 30.9-32.8 52.1-40.9 34-13.1 56-41.6 56-72.7 0-44.1-43.1-80-96-80s-96 35.9-96 80v7.6c0 4.4-3.6 8-8 8h-48c-4.4 0-8-3.6-8-8V420c0-39.3 17.2-76 48.4-103.3C430.4 290.4 470 276 512 276s81.6 14.5 111.6 40.7C654.8 344 672 380.7 672 420c0 57.8-38.1 109.8-97.1 132.5z"
        />
      </svg>
    </span>
    <button
      class="ant-btn css-dev-only-do-not-override-1i536d8 ant-btn-primary c1"
      type="button"
    >
      <span
        aria-label="plus"
        class="anticon anticon-plus"
        role="img"
      >
        <svg
          aria-hidden="true"
          data-icon="plus"
          fill="currentColor"
          focusable="false"
          height="1em"
          viewBox="64 64 896 896"
          width="1em"
        >
          <defs>
            <style />
          </defs>
          <path
            d="M482 152h60q8 0 8 8v704q0 8-8 8h-60q-8 0-8-8V160q0-8 8-8z"
          />
          <path
            d="M176 474h672q8 0 8 8v60q0 8-8 8H176q-8 0-8-8v-60q0-8 8-8z"
          />
        </svg>
      </span>
      <span>
        new_pipeline
      </span>
    </button>
  </div>
  <span
    class="ant-input-group-wrapper ant-input-search css-dev-only-do-not-override-1i536d8"
  >
    <span
      class="ant-input-wrapper ant-input-group css-dev-only-do-not-override-1i536d8"
    >
      <span
        class="ant-input-affix-wrapper css-dev-only-do-not-override-1i536d8"
      >
        <input
          class="ant-input css-dev-only-do-not-override-1i536d8"
          placeholder="search_pipeline_placeholder"
          type="text"
          value=""
        />
        <span
          class="ant-input-suffix"
        >
          <span
            class="ant-input-clear-icon ant-input-clear-icon-hidden"
            role="button"
            tabindex="-1"
          >
            <span
              aria-label="close-circle"
              class="anticon anticon-close-circle"
              role="img"
            >
              <svg
                aria-hidden="true"
                data-icon="close-circle"
                fill="currentColor"
                focusable="false"
                height="1em"
                viewBox="64 64 896 896"
                width="1em"
              >
                <path
                  d="M512 64C264.6 64 64 264.6 64 512s200.6 448 448 448 448-200.6 448-448S759.4 64 512 64zm165.4 618.2l-66-.3L512 563.4l-99.3 118.4-66.1.3c-4.4 0-8-3.5-8-8 0-1.9.7-3.7 1.9-5.2l130.1-155L340.5 359a8.32 8.32 0 01-1.9-5.2c0-4.4 3.6-8 8-8l66.1.3L512 464.6l99.3-118.4 66-.3c4.4 0 8 3.5 8 8 0 1.9-.7 3.7-1.9 5.2L553.5 514l130 155c1.2 1.5 1.9 3.3 1.9 5.2 0 4.4-3.6 8-8 8z"
                />
              </svg>
            </span>
          </span>
        </span>
      </span>
      <span
        class="ant-input-group-addon"
      >
        <button
          class="ant-btn css-dev-only-do-not-override-1i536d8 ant-btn-default ant-btn-icon-only ant-input-search-button"
          type="button"
        >
          <span
            aria-label="search"
            class="anticon anticon-search"
            role="img"
          >
            <svg
              aria-hidden="true"
              data-icon="search"
              fill="currentColor"
              focusable="false"
              height="1em"
              viewBox="64 64 896 896"
              width="1em"
            >
              <path
                d="M909.6 854.5L649.9 594.8C690.2 542.7 712 479 712 412c0-80.2-31.3-155.4-87.9-212.1-56.6-56.7-132-87.9-212.1-87.9s-155.5 31.3-212.1 87.9C143.2 256.5 112 331.8 112 412c0 80.1 31.3 155.5 87.9 212.1C256.5 680.8 331.8 712 412 712c67 0 130.6-21.8 182.7-62l259.7 259.6a8.2 8.2 0 0011.6 0l43.6-43.5a8.2 8.2 0 000-11.6zM570.4 570.4C528 612.7 471.8 636 412 636s-116-23.3-158.4-65.6C211.3 528 188 471.8 188 412s23.3-116.1 65.6-158.4C296 211.3 352.2 188 412 188s116.1 23.2 158.4 65.6S636 352.2 636 412s-23.3 116.1-65.6 158.4z"
              />
            </svg>
          </span>
        </button>
      </span>
    </span>
  </span>
  .c0 {
  margin-top: 3rem;
}

.c1 {
  display: -webkit-box;
  display: -webkit-flex;
  display: -ms-flexbox;
  display: flex;
  gap: 0.5rem;
  -webkit-box-pack: end;
  -webkit-justify-content: flex-end;
  -ms-flex-pack: end;
  justify-content: flex-end;
  color: #D89614;
  margin: 0.125rem;
  padding: 0.313rem;
}

<div
    class="c0"
  >
    <div
      class="c1"
    >
      Mode: 
      <span>
        Viewing
      </span>
      <div>
        Configuration Version: 1
      </div>
    </div>
    <div
      class="ant-table-wrapper css-dev-only-do-not-override-1i536d8"
    >
      <div
        class="ant-spin-nested-loading css-dev-only-do-not-override-1i536d8"
      >
        <div
          class="ant-spin-container"
        >
          <div
            class="ant-table ant-table-empty"
          >
            <div
              class="ant-table-container"
            >
              <div
                class="ant-table-content"
              >
                <table
                  style="table-layout: auto;"
                >
                  <colgroup>
                    <col
                      class="ant-table-expand-icon-col"
                    />
                  </colgroup>
                  <thead
                    class="ant-table-thead"
                  >
                    <tr>
                      <th
                        class="ant-table-cell ant-table-row-expand-icon-cell"
                      />
                      <th
                        class="ant-table-cell"
                        style="text-align: left;"
                      />
                      <th
                        class="ant-table-cell"
                        style="text-align: left;"
                      >
                        Pipeline Name
                      </th>
                      <th
                        class="ant-table-cell"
                        style="text-align: left;"
                      >
                        Filters
                      </th>
                      <th
                        class="ant-table-cell"
                        style="text-align: left;"
                      >
                        Last Edited
                      </th>
                      <th
                        class="ant-table-cell"
                        style="text-align: left;"
                      >
                        Edited By
                      </th>
                      <th
                        class="ant-table-cell"
                        style="text-align: center;"
                      >
                        Actions
                      </th>
                    </tr>
                  </thead>
                  <tbody
                    class="ant-table-tbody"
                  >
                    <tr
                      class="ant-table-placeholder"
                      draggable="true"
                    >
                      <td
                        class="ant-table-cell"
                        colspan="7"
                      >
                        <div
                          class="css-dev-only-do-not-override-1i536d8 ant-empty ant-empty-normal"
                        >
                          <div
                            class="ant-empty-image"
                          >
                            <svg
                              height="41"
                              viewBox="0 0 64 41"
                              width="64"
                              xmlns="http://www.w3.org/2000/svg"
                            >
                              <g
                                fill="none"
                                fill-rule="evenodd"
                                transform="translate(0 1)"
                              >
                                <ellipse
                                  cx="32"
                                  cy="33"
                                  fill="#f5f5f5"
                                  rx="32"
                                  ry="7"
                                />
                                <g
                                  fill-rule="nonzero"
                                  stroke="#d9d9d9"
                                >
                                  <path
                                    d="M55 12.76L44.854 1.258C44.367.474 43.656 0 42.907 0H21.093c-.749 0-1.46.474-1.947 1.257L9 12.761V22h46v-9.24z"
                                  />
                                  <path
                                    d="M41.613 15.931c0-1.605.994-2.93 2.227-2.931H55v18.137C55 33.26 53.68 35 52.05 35h-40.1C10.32 35 9 33.259 9 31.137V13h11.16c1.233 0 2.227 1.323 2.227 2.928v.022c0 1.605 1.005 2.901 2.237 2.901h14.752c1.232 0 2.237-1.308 2.237-2.913v-.007z"
                                    fill="#fafafa"
                                  />
                                </g>
                              </g>
                            </svg>
                          </div>
                          <div
                            class="ant-empty-description"
                          >
                            No data
                          </div>
                        </div>
                      </td>
                    </tr>
                  </tbody>
                </table>
              </div>
            </div>
            <div
              class="ant-table-footer"
            />
          </div>
        </div>
      </div>
    </div>
  </div>
</DocumentFragment>
`;
